###MARKER_OS_START###
NAME="Ubuntu"
VERSION="22.04.3 LTS (Jammy Jellyfish)"
ID=ubuntu
ID_LIKE=debian
PRETTY_NAME="Ubuntu 22.04.3 LTS"
VERSION_ID="22.04"
HOME_URL="https://www.ubuntu.com/"
SUPPORT_URL="https://help.ubuntu.com/"
BUG_REPORT_URL="https://bugs.launchpad.net/ubuntu/"
PRIVACY_POLICY_URL="https://www.ubuntu.com/legal/terms-and-policies/privacy-policy"
UBUNTU_CODENAME=jammy
###MARKER_OS_END###
###MARKER_KERNEL_START###
5.15.0-160-generic
###MARKER_KERNEL_END###
###MARKER_MEM_START###
MemTotal:       32922148 kB
MemFree:        15847232 kB
MemAvailable:   28341568 kB
Buffers:          512000 kB
Cached:         11234560 kB
SwapTotal:       8388604 kB
SwapFree:        8388604 kB
AnonHugePages:         0 kB
ShmemHugePages:        0 kB
FileHugePages:         0 kB
HugePages_Total:       0
HugePages_Free:        0
###MARKER_MEM_END###
###MARKER_CPU_START###
Architecture:                       x86_64
CPU op-mode(s):                     32-bit, 64-bit
Byte Order:                         Little Endian
Address sizes:                      46 bits physical, 48 bits virtual
CPU(s):                             8
On-line CPU(s) list:                0-7
Thread(s) per core:                 1
Core(s) per socket:                 8
Socket(s):                          1
NUMA node(s):                       1
Vendor ID:                          GenuineIntel
CPU family:                         6
Model:                              143
Model name:                         Intel(R) Xeon(R) Gold 6448Y
Stepping:                           8
CPU MHz:                            2095.078
BogoMIPS:                           4190.15
Virtualization:                     VT-x
Hypervisor vendor:                  VMware
Virtualization type:                full
L1d cache:                          384 KiB
L1i cache:                          256 KiB
L2 cache:                           16 MiB
L3 cache:                           60 MiB
NUMA node0 CPU(s):                  0-7
###MARKER_CPU_END###
###MARKER_DISK_TYPE_START###
loop0:0
loop1:0
sda:0
sdb:0
sr0:1
###MARKER_DISK_TYPE_END###
###MARKER_DF_START###
Filesystem                      Type  1K-blocks      Avail Mounted on
/dev/mapper/vg01-lv--root       ext4  144274320   75304168 /
tmpfs                           tmpfs  16461076   16461076 /dev/shm
/dev/sda3                       ext4   16337788   15224372 /boot
/dev/mapper/vg01-lv--home       ext4   25626852   24044020 /home
/dev/mapper/vg01-lv--tmp        ext4    5074592    4795088 /tmp
/dev/mapper/vg01-lv--tkapp      ext4   10218772    9677100 /tkapp
###MARKER_DF_END###
###MARKER_NET_START###
1: lo: <LOOPBACK,UP,LOWER_UP> mtu 65536 qdisc noqueue state UNKNOWN group default qlen 1000
    link/loopback 00:00:00:00:00:00 brd 00:00:00:00:00:00
    inet 127.0.0.1/8 scope host lo
       valid_lft forever preferred_lft forever
2: ens160: <BROADCAST,MULTICAST,UP,LOWER_UP> mtu 1500 qdisc mq state UP group default qlen 1000
    link/ether 00:50:56:a8:11:ed brd ff:ff:ff:ff:ff:ff
    inet 192.168.121.45/24 brd 192.168.121.255 scope global ens160
       valid_lft forever preferred_lft forever
3: docker0: <NO-CARRIER,BROADCAST,MULTICAST,UP> mtu 1500 qdisc noqueue state DOWN group default
    link/ether 02:42:c3:5a:8b:12 brd ff:ff:ff:ff:ff:ff
    inet 172.17.0.1/16 brd 172.17.255.255 scope global docker0
       valid_lft forever preferred_lft forever
###MARKER_NET_END###
###MARKER_VM_START###
swappiness:60
overcommit_memory:0
dirty_ratio:20
dirty_background_ratio:10
transparent_hugepages:madvise
semaphores:32000:1024000000:500:32000
###MARKER_VM_END###
###MARKER_NUMA_START###
NUMA node(s):                       1
NUMA node0 CPU(s):                  0-7
###MARKER_NUMA_END###
